// Jest Snapshot v1, https://goo.gl/fbAQLP

exports[`Snpashots SongItem.vue renders correctly 1`] = `
<li
  class="example flex justify-between items-center p-3 pl-6 cursor-pointer transition duration-300 hover:bg-gray-100"
  id="song-id-abc"
>
  <div>
    <router-link-stub
      class="font-bold block text-gray-600 composition-item"
      to="[object Object]"
    />
    <span
      class="text-gray-500 text-sm"
    >
      Artist: 
    </span>
  </div>
  <div
    class="text-gray-600 text-lg"
  >
    <router-link-stub
      custom=""
      to="[object Object]"
    />
  </div>
</li>
`;
